S Co:1:006:0 s 40 9a 1312 b282 0000 0
C Co:1:006:0 0 0
S Co:1:006:0 s 40 9a 2518 00c3 0000 0
C Co:1:006:0 0 0
S Co:1:006:0 s 40 a4 ffff 0000 0000 0
C Co:1:006:0 0 0
S Ii:1:006:1 -115:1 8 <
S Ci:1:006:0 s c0 95 0706 0000 0002 2 <
C Ci:1:006:0 0 2 = ffee
S Bi:1:006:2 -115 32 <
S Bi:1:006:2 -115 32 <
S Co:1:006:0 s 40 a4 ff9f 0000 0000 0
C Bi:1:006:2 0 2 = 3161
S Bi:1:006:2 -115 32 <
C Co:1:006:0 0 0
S Bo:1:006:2 -115 1 = 31
S Bo:1:006:2 -115 1 = 61
S Co:1:006:0 s 40 9a 1312 cc83 0000 0 // line 21
C Bo:1:006:2 0 1 >
C Bo:1:006:2 0 1 >
C Bi:1:006:2 0 32 = 30613063 31613061 31633161 30613263 31613061 33633161 30613463 31613061
S Bi:1:006:2 -115 32 <
C Co:1:006:0 0 0
S Co:1:006:0 s 40 9a 2518 00c3 0000 0
C Ii:1:006:1 0:1 4 = 46bfffee
S Ii:1:006:1 -115:1 8 <
C Co:1:006:0 0 0
S Co:1:006:0 s 40 a4 ff9f 0000 0000 0
C Co:1:006:0 0 0
S Co:1:006:0 s 40 a4 ffff 0000 0000 0
C Co:1:006:0 0 0
C Ii:1:006:1 0:1 4 = 023f9fee
S Ii:1:006:1 -115:1 8 <
S Co:1:006:0 s 40 a4 ff9f 0000 0000 0
C Co:1:006:0 0 0
S Bo:1:006:2 -115 2 = 3020
C Bo:1:006:2 0 2 >
C Bi:1:006:2 0 2 = 1410
S Bi:1:006:2 -115 32 <
S Bo:1:006:2 -115 2 = 3020
C Bo:1:006:2 0 2 >
C Bi:1:006:2 0 2 = 1410
S Bi:1:006:2 -115 32 <
S Bo:1:006:2 -115 2 = 3020
C Bo:1:006:2 0 2 >
C Bi:1:006:2 0 2 = 1410
S Bi:1:006:2 -115 32 <
S Bo:1:006:2 -115 3 = 418120
C Bo:1:006:2 0 3 >
C Bi:1:006:2 0 3 = 140410
S Bi:1:006:2 -115 32 <
S Bo:1:006:2 -115 3 = 418220
C Bo:1:006:2 0 3 >
C Bi:1:006:2 0 3 = 140410
S Bi:1:006:2 -115 32 <
S Bo:1:006:2 -115 22 = 42860000 01010101 03ffffff ff008004 00000080 0020
C Bo:1:006:2 0 22 >
C Bi:1:006:2 0 2 = 1410
S Bi:1:006:2 -115 32 <
S Bo:1:006:2 -115 7 = 450504d7 c20020
C Bo:1:006:2 0 7 >
C Bi:1:006:2 0 2 = 1410
S Bi:1:006:2 -115 32 <
S Bo:1:006:2 -115 2 = 5020
C Bo:1:006:2 0 2 >
C Bi:1:006:2 0 2 = 1410
S Bi:1:006:2 -115 32 <
S Bo:1:006:2 -115 2 = 7520
C Bo:1:006:2 0 2 >
C Bi:1:006:2 0 5 = 141e950f 10
S Bi:1:006:2 -115 32 <
S Bo:1:006:2 -115 4 = 55000020
C Bo:1:006:2 0 4 >
C Bi:1:006:2 0 2 = 1410
S Bi:1:006:2 -115 32 <
S Bo:1:006:2 -115 32 = 64008046 0c945c00 0c946e00 0c946e00 0c946e00 0c946e00 0c946e00 0c946e00
S Bo:1:006:2 -115 32 = 0c946e00 0c946e00 0c946e00 0c946e00 0c946e00 0c946e00 0c946e00 0c946e00
C Bo:1:006:2 0 32 >
S Bo:1:006:2 -115 32 = 0c946e00 0c941401 0c946e00 0c946e00 0c946e00 0c946e00 0c946e00 0c946e00
C Bo:1:006:2 0 32 >
S Bo:1:006:2 -115 32 = 0c946e00 0c946e00 0c946e00 00000000 24002700 2a000000 00002500 28002b00
C Bo:1:006:2 0 32 >
S Bo:1:006:2 -115 5 = 04040404 20
C Bo:1:006:2 0 32 >
C Bo:1:006:2 0 5 >
C Bi:1:006:2 0 1 = 14
S Bi:1:006:2 -115 32 <
C Bi:1:006:2 0 1 = 10
S Bi:1:006:2 -115 32 <
S Bo:1:006:2 -115 4 = 55400020
C Bo:1:006:2 0 4 >
C Bi:1:006:2 0 2 = 1410
S Bi:1:006:2 -115 32 <
S Bo:1:006:2 -115 32 = 64008046 04040404 02020202 02020303 03030303 01020408 10204080 01020408
S Bo:1:006:2 -115 32 = 10200102 04081020 00000008 00020100 00030407 00000000 00000000 11241fbe
C Bo:1:006:2 0 32 >
S Bo:1:006:2 -115 32 = cfefd8e0 debfcdbf 21e0a0e0 b1e001c0 1d92a930 b207e1f7 0e945e01 0c94d701
C Bo:1:006:2 0 32 >
S Bo:1:006:2 -115 32 = 0c940000 90e0fc01 ec55ff4f 2491fc01 e057ff4f 3491fc01 e458ff4f e491ee23
C Bo:1:006:2 0 32 >
S Bo:1:006:2 -115 5 = c9f02223 20
C Bo:1:006:2 0 32 >
C Bo:1:006:2 0 5 >
C Bi:1:006:2 0 1 = 14
S Bi:1:006:2 -115 32 <
C Bi:1:006:2 0 1 = 10
S Bi:1:006:2 -115 32 <
S Bo:1:006:2 -115 4 = 55800020
C Bo:1:006:2 0 4 >
C Bi:1:006:2 0 2 = 1410
S Bi:1:006:2 -115 32 <
S Bo:1:006:2 -115 32 = 64008046 39f02330 01f1a8f4 213019f1 223029f1 f0e0ee0f ff1fee58 ff4fa591
S Bo:1:006:2 -115 32 = b4918fb7 f894ec91 611126c0 30953e23 3c938fbf 08952730 a9f02830 c9f02430
C Bo:1:006:2 0 32 >
S Bo:1:006:2 -115 32 = 49f78091 80008f7d 03c08091 80008f77 80938000 dfcf84b5 8f7784bd dbcf84b5
C Bo:1:006:2 0 32 >
S Bo:1:006:2 -115 32 = 8f7dfbcf 8091b000 8f778093 b000d2cf 8091b000 8f7df9cf 3e2bdacf 3fb7f894
C Bo:1:006:2 0 32 >
S Bo:1:006:2 -115 5 = 80910501 20
C Bo:1:006:2 0 32 >
C Bo:1:006:2 0 5 >
C Bi:1:006:2 0 1 = 14
S Bi:1:006:2 -115 32 <
C Bi:1:006:2 0 1 = 10
S Bi:1:006:2 -115 32 <
S Bo:1:006:2 -115 4 = 55c00020
C Bo:1:006:2 0 4 >
C Bi:1:006:2 0 2 = 1410
S Bi:1:006:2 -115 32 <
S Bo:1:006:2 -115 32 = 64008046 90910601 a0910701 b0910801 26b5a89b 05c02f3f 19f00196 a11db11d
S Bo:1:006:2 -115 32 = 3fbfba2f a92f982f 8827bc01 cd01620f 711d811d 911d42e0 660f771f 881f991f
C Bo:1:006:2 0 32 >
S Bo:1:006:2 -115 32 = 4a95d1f7 08958f92 9f92af92 bf92cf92 df92ef92 ff926b01 7c010e94 bc004b01
C Bo:1:006:2 0 32 >
S Bo:1:006:2 -115 32 = 5c01c114 d104e104 f104b9f0 0e94bc00 68197909 8a099b09 683e7340 81059105
C Bo:1:006:2 0 32 >
S Bo:1:006:2 -115 5 = 80f321e0 20
C Bo:1:006:2 0 32 >
C Bo:1:006:2 0 5 >
C Bi:1:006:2 0 1 = 14
S Bi:1:006:2 -115 32 <
C Bi:1:006:2 0 1 = 10
S Bi:1:006:2 -115 32 <
S Bo:1:006:2 -115 4 = 55000120
C Bo:1:006:2 0 4 >
C Bi:1:006:2 0 2 = 1410
S Bi:1:006:2 -115 32 <
S Bo:1:006:2 -115 32 = 64008046 c21ad108 e108f108 88ee880e 83e0981e a11cb11c e4cfff90 ef90df90
S Bo:1:006:2 -115 32 = cf90bf90 af909f90 8f900895 1f920f92 0fb60f92 11242f93 3f938f93 9f93af93
C Bo:1:006:2 0 32 >
S Bo:1:006:2 -115 32 = bf938091 01019091 0201a091 0301b091 04013091 000123e0 230f2d37 58f50196
C Bo:1:006:2 0 32 >
S Bo:1:006:2 -115 32 = a11db11d 20930001 80930101 90930201 a0930301 b0930401 80910501 90910601
C Bo:1:006:2 0 32 >
S Bo:1:006:2 -115 5 = a0910701 20
C Bo:1:006:2 0 32 >
C Bo:1:006:2 0 5 >
C Bi:1:006:2 0 1 = 14
S Bi:1:006:2 -115 32 <
C Bi:1:006:2 0 1 = 10
S Bi:1:006:2 -115 32 <
S Bo:1:006:2 -115 4 = 55400120
C Bo:1:006:2 0 4 >
C Bi:1:006:2 0 2 = 1410
S Bi:1:006:2 -115 32 <
S Bo:1:006:2 -115 32 = 64008046 b0910801 0196a11d b11d8093 05019093 0601a093 0701b093 0801bf91
S Bo:1:006:2 -115 32 = af919f91 8f913f91 2f910f90 0fbe0f90 1f901895 26e8230f 0296a11d b11dd2cf
C Bo:1:006:2 0 32 >
S Bo:1:006:2 -115 32 = 789484b5 826084bd 84b58160 84bd85b5 826085bd 85b58160 85bd8091 6e008160
C Bo:1:006:2 0 32 >
S Bo:1:006:2 -115 32 = 80936e00 10928100 80918100 82608093 81008091 81008160 80938100 80918000
C Bo:1:006:2 0 32 >
S Bo:1:006:2 -115 5 = 81608093 20
C Bo:1:006:2 0 32 >
C Bo:1:006:2 0 5 >
C Bi:1:006:2 0 1 = 14
S Bi:1:006:2 -115 32 <
C Bi:1:006:2 0 1 = 10
S Bi:1:006:2 -115 32 <
S Bo:1:006:2 -115 4 = 55800120
C Bo:1:006:2 0 4 >
C Bi:1:006:2 0 2 = 1410
S Bi:1:006:2 -115 32 <
S Bo:1:006:2 -115 32 = 64008046 80008091 b1008460 8093b100 8091b000 81608093 b0008091 7a008460
S Bo:1:006:2 -115 32 = 80937a00 80917a00 82608093 7a008091 7a008160 80937a00 80917a00 80688093
C Bo:1:006:2 0 32 >
S Bo:1:006:2 -115 32 = 7a001092 c100ede9 f0e02491 e9e8f0e0 84918823 99f090e0 880f991f fc01e859
C Bo:1:006:2 0 32 >
S Bo:1:006:2 -115 32 = ff4fa591 b491fc01 ee58ff4f 85919491 8fb7f894 ec91e22b ec938fbf c0e0d0e0
C Bo:1:006:2 0 32 >
S Bo:1:006:2 -115 5 = 61e08de0 20
C Bo:1:006:2 0 32 >
C Bo:1:006:2 0 5 >
C Bi:1:006:2 0 1 = 14
S Bi:1:006:2 -115 32 <
C Bi:1:006:2 0 1 = 10
S Bi:1:006:2 -115 32 <
S Bo:1:006:2 -115 4 = 55c00120
C Bo:1:006:2 0 4 >
C Bi:1:006:2 0 2 = 1410
S Bi:1:006:2 -115 32 <
S Bo:1:006:2 -115 32 = 64008046 0e947000 68ee73e0 80e090e0 0e94e100 60e08de0 0e947000 68ee73e0
S Bo:1:006:2 -115 32 = 80e090e0 0e94e100 209751f3 0e940000 e7cff894 ffcfffff ffffffff ffffffff
C Bo:1:006:2 0 32 >
S Bo:1:006:2 -115 32 = ffffffff ffffffff ffffffff ffffffff ffffffff ffffffff ffffffff ffffffff
C Bo:1:006:2 0 32 >
S Bo:1:006:2 -115 32 = ffffffff ffffffff ffffffff ffffffff ffffffff ffffffff ffffffff ffffffff
C Bo:1:006:2 0 32 >
S Bo:1:006:2 -115 5 = ffffffff 20
C Bo:1:006:2 0 32 >
C Bo:1:006:2 0 5 >
C Bi:1:006:2 0 1 = 14
S Bi:1:006:2 -115 32 <
C Bi:1:006:2 0 1 = 10
S Bi:1:006:2 -115 32 <
S Bo:1:006:2 -115 4 = 55000020
C Bo:1:006:2 0 4 >
C Bi:1:006:2 0 2 = 1410
S Bi:1:006:2 -115 32 <
S Bo:1:006:2 -115 5 = 74008046 20
C Bo:1:006:2 0 5 >
C Bi:1:006:2 0 32 = 140c945c 000c946e 000c946e 000c946e 000c946e 000c946e 000c946e 000c946e
S Bi:1:006:2 -115 32 <
C Bi:1:006:2 0 32 = 000c946e 000c946e 000c946e 000c946e 000c946e 000c946e 000c946e 000c946e
S Bi:1:006:2 -115 32 <
C Bi:1:006:2 0 32 = 000c9414 010c946e 000c946e 000c946e 000c946e 000c946e 000c946e 000c946e
S Bi:1:006:2 -115 32 <
C Bi:1:006:2 0 32 = 000c946e 000c946e 00000000 00240027 002a0000 00000025 0028002b 00040404
S Bi:1:006:2 -115 32 <
C Bi:1:006:2 0 2 = 0410
S Bi:1:006:2 -115 32 <
S Bo:1:006:2 -115 4 = 55400020
C Bo:1:006:2 0 4 >
C Bi:1:006:2 0 2 = 1410
S Bi:1:006:2 -115 32 <
S Bo:1:006:2 -115 5 = 74008046 20
C Bo:1:006:2 0 5 >
C Bi:1:006:2 0 32 = 14040404 04020202 02020203 03030303 03010204 08102040 80010204 08102001
S Bi:1:006:2 -115 32 <
C Bi:1:006:2 0 32 = 02040810 20000000 08000201 00000304 07000000 00000000 0011241f becfefd8
S Bi:1:006:2 -115 32 <
C Bi:1:006:2 0 32 = e0debfcd bf21e0a0 e0b1e001 c01d92a9 30b207e1 f70e945e 010c94d7 010c9400
S Bi:1:006:2 -115 32 <
C Bi:1:006:2 0 32 = 0090e0fc 01ec55ff 4f2491fc 01e057ff 4f3491fc 01e458ff 4fe491ee 23c9f022
S Bi:1:006:2 -115 32 <
C Bi:1:006:2 0 2 = 2310
S Bi:1:006:2 -115 32 <
S Bo:1:006:2 -115 4 = 55800020
C Bo:1:006:2 0 4 >
C Bi:1:006:2 0 2 = 1410
S Bi:1:006:2 -115 32 <
S Bo:1:006:2 -115 5 = 74008046 20
C Bo:1:006:2 0 5 >
C Bi:1:006:2 0 32 = 1439f023 3001f1a8 f4213019 f1223029 f1f0e0ee 0fff1fee 58ff4fa5 91b4918f
S Bi:1:006:2 -115 32 <
C Bi:1:006:2 0 32 = b7f894ec 91611126 c030953e 233c938f bf089527 30a9f028 30c9f024 3049f780
S Bi:1:006:2 -115 32 <
C Bi:1:006:2 0 32 = 9180008f 7d03c080 9180008f 77809380 00dfcf84 b58f7784 bddbcf84 b58f7dfb
S Bi:1:006:2 -115 32 <
C Bi:1:006:2 0 32 = cf8091b0 008f7780 93b000d2 cf8091b0 008f7df9 cf3e2bda cf3fb7f8 94809105
S Bi:1:006:2 -115 32 <
C Bi:1:006:2 0 2 = 0110
S Bi:1:006:2 -115 32 <
S Bo:1:006:2 -115 4 = 55c00020
C Bo:1:006:2 0 4 >
C Bi:1:006:2 0 2 = 1410
S Bi:1:006:2 -115 32 <
S Bo:1:006:2 -115 5 = 74008046 20
C Bo:1:006:2 0 5 >
C Bi:1:006:2 0 32 = 14909106 01a09107 01b09108 0126b5a8 9b05c02f 3f19f001 96a11db1 1d3fbfba
S Bi:1:006:2 -115 32 <
C Bi:1:006:2 0 32 = 2fa92f98 2f8827bc 01cd0162 0f711d81 1d911d42 e0660f77 1f881f99 1f4a95d1
S Bi:1:006:2 -115 32 <
C Bi:1:006:2 0 32 = f708958f 929f92af 92bf92cf 92df92ef 92ff926b 017c010e 94bc004b 015c01c1
S Bi:1:006:2 -115 32 <
C Bi:1:006:2 0 32 = 14d104e1 04f104b9 f00e94bc 00681979 098a099b 09683e73 40810591 0580f321
S Bi:1:006:2 -115 32 <
C Bi:1:006:2 0 2 = e010
S Bi:1:006:2 -115 32 <
S Bo:1:006:2 -115 4 = 55000120
C Bo:1:006:2 0 4 >
C Bi:1:006:2 0 2 = 1410
S Bi:1:006:2 -115 32 <
S Bo:1:006:2 -115 5 = 74008046 20
C Bo:1:006:2 0 5 >
C Bi:1:006:2 0 32 = 14c21ad1 08e108f1 0888ee88 0e83e098 1ea11cb1 1ce4cfff 90ef90df 90cf90bf
S Bi:1:006:2 -115 32 <
C Bi:1:006:2 0 32 = 90af909f 908f9008 951f920f 920fb60f 9211242f 933f938f 939f93af 93bf9380
S Bi:1:006:2 -115 32 <
C Bi:1:006:2 0 32 = 91010190 910201a0 910301b0 91040130 91000123 e0230f2d 3758f501 96a11db1
S Bi:1:006:2 -115 32 <
C Bi:1:006:2 0 32 = 1d209300 01809301 01909302 01a09303 01b09304 01809105 01909106 01a09107
S Bi:1:006:2 -115 32 <
C Bi:1:006:2 0 2 = 0110
S Bi:1:006:2 -115 32 <
S Bo:1:006:2 -115 4 = 55400120
C Bo:1:006:2 0 4 >
C Bi:1:006:2 0 2 = 1410
S Bi:1:006:2 -115 32 <
S Bo:1:006:2 -115 5 = 74008046 20
C Bo:1:006:2 0 5 >
C Bi:1:006:2 0 32 = 14b09108 010196a1 1db11d80 93050190 930601a0 930701b0 930801bf 91af919f
S Bi:1:006:2 -115 32 <
C Bi:1:006:2 0 32 = 918f913f 912f910f 900fbe0f 901f9018 9526e823 0f0296a1 1db11dd2 cf789484
S Bi:1:006:2 -115 32 <
C Bi:1:006:2 0 32 = b5826084 bd84b581 6084bd85 b5826085 bd85b581 6085bd80 916e0081 6080936e
S Bi:1:006:2 -115 32 <
C Bi:1:006:2 0 32 = 00109281 00809181 00826080 93810080 91810081 60809381 00809180 00816080
S Bi:1:006:2 -115 32 <
C Bi:1:006:2 0 2 = 9310
S Bi:1:006:2 -115 32 <
S Bo:1:006:2 -115 4 = 55800120
C Bo:1:006:2 0 4 >
C Bi:1:006:2 0 2 = 1410
S Bi:1:006:2 -115 32 <
S Bo:1:006:2 -115 5 = 74008046 20
C Bo:1:006:2 0 5 >
C Bi:1:006:2 0 32 = 14800080 91b10084 608093b1 008091b0 00816080 93b00080 917a0084 6080937a
S Bi:1:006:2 -115 32 <
C Bi:1:006:2 0 32 = 0080917a 00826080 937a0080 917a0081 6080937a 0080917a 00806880 937a0010
S Bi:1:006:2 -115 32 <
C Bi:1:006:2 0 32 = 92c100ed e9f0e024 91e9e8f0 e0849188 2399f090 e0880f99 1ffc01e8 59ff4fa5
S Bi:1:006:2 -115 32 <
C Bi:1:006:2 0 32 = 91b491fc 01ee58ff 4f859194 918fb7f8 94ec91e2 2bec938f bfc0e0d0 e061e08d
S Bi:1:006:2 -115 32 <
C Bi:1:006:2 0 2 = e010
S Bi:1:006:2 -115 32 <
S Bo:1:006:2 -115 4 = 55c00120
C Bo:1:006:2 0 4 >
C Bi:1:006:2 0 2 = 1410
S Bi:1:006:2 -115 32 <
S Bo:1:006:2 -115 5 = 74008046 20
C Bo:1:006:2 0 5 >
C Bi:1:006:2 0 32 = 140e9470 0068ee73 e080e090 e00e94e1 0060e08d e00e9470 0068ee73 e080e090
S Bi:1:006:2 -115 32 <
C Bi:1:006:2 0 32 = e00e94e1 00209751 f30e9400 00e7cff8 94ffcfff ffffffff ffffffff ffffffff
S Bi:1:006:2 -115 32 <
C Bi:1:006:2 0 32 = ffffffff ffffffff ffffffff ffffffff ffffffff ffffffff ffffffff ffffffff
S Bi:1:006:2 -115 32 <
C Bi:1:006:2 0 32 = ffffffff ffffffff ffffffff ffffffff ffffffff ffffffff ffffffff ffffffff
S Bi:1:006:2 -115 32 <
C Bi:1:006:2 0 2 = ff10
S Bi:1:006:2 -115 32 <
S Bo:1:006:2 -115 2 = 5120
C Bo:1:006:2 0 2 >
C Bi:1:006:2 0 2 = 1410
S Bi:1:006:2 -115 32 <
S Co:1:006:0 s 40 a4 ffff 0000 0000 0
C Co:1:006:0 0 0
S Co:1:006:0 s 40 9a 1312 b282 0000 0
C Co:1:006:0 0 0
S Co:1:006:0 s 40 9a 2518 00c3 0000 0
C Co:1:006:0 0 0
S Co:1:006:0 s 40 a4 ffff 0000 0000 0
C Co:1:006:0 0 0
S Co:1:006:0 s 40 a4 ffff 0000 0000 0
C Co:1:006:0 0 0
C Bi:1:006:2 -2 0
C Bi:1:006:2 -2 0
S Co:1:002:0 s 23 08 9062 0001 0000 0
C Co:1:002:0 0 0
C Ii:1:006:1 -2:1 0