S Co:1:006:0 s 40 9a 1312 b282 0000 0
C Co:1:006:0 0 0
S Co:1:006:0 s 40 9a 2518 00c3 0000 0
C Co:1:006:0 0 0
S Co:1:006:0 s 40 a4 ffff 0000 0000 0
C Co:1:006:0 0 0
S Ii:1:006:1 -115:1 8 <
S Ci:1:006:0 s c0 95 0706 0000 0002 2 <
C Ci:1:006:0 0 2 = ffee
S Bi:1:006:2 -115 32 <
S Bi:1:006:2 -115 32 <
S Co:1:006:0 s 40 a4 ff9f 0000 0000 0
C Bi:1:006:2 0 2 = 3161
S Bi:1:006:2 -115 32 <
C Co:1:006:0 0 0
S Bo:1:006:2 -115 1 = 31
S Bo:1:006:2 -115 1 = 61
C Bo:1:006:2 0 1 >
C Bo:1:006:2 0 1 >
C Bi:1:006:2 0 32 = 30613063 31613061 31633161 30613263 31613061 33633161 30613463 31613061
S Co:1:006:0 s 40 9a 1312 cc83 0000 0
S Bi:1:006:2 -115 32 <
C Co:1:006:0 0 0
S Co:1:006:0 s 40 9a 2518 00c3 0000 0
C Co:1:006:0 0 0
S Co:1:006:0 s 40 a4 ff9f 0000 0000 0
C Co:1:006:0 0 0
S Co:1:006:0 s 40 a4 ffff 0000 0000 0
C Ii:1:006:1 0:1 4 = 463fffee
S Ii:1:006:1 -115:1 8 <
C Co:1:006:0 0 0
C Ii:1:006:1 0:1 4 = 02bf9fee
S Ii:1:006:1 -115:1 8 <
S Co:1:006:0 s 40 a4 ff9f 0000 0000 0
C Co:1:006:0 0 0
S Bo:1:006:2 -115 2 = 3020
C Bo:1:006:2 0 2 >
C Bi:1:006:2 0 2 = 1410
S Bi:1:006:2 -115 32 <
S Bo:1:006:2 -115 2 = 3020
C Bo:1:006:2 0 2 >
C Bi:1:006:2 0 2 = 1410
S Bi:1:006:2 -115 32 <
S Bo:1:006:2 -115 2 = 3020
C Bo:1:006:2 0 2 >
C Bi:1:006:2 0 2 = 1410
S Bi:1:006:2 -115 32 <
S Bo:1:006:2 -115 3 = 418120
C Bo:1:006:2 0 3 >
C Bi:1:006:2 0 3 = 140410
S Bi:1:006:2 -115 32 <
S Bo:1:006:2 -115 3 = 418220
C Bo:1:006:2 0 3 >
C Bi:1:006:2 0 3 = 140410
S Bi:1:006:2 -115 32 <
S Bo:1:006:2 -115 22 = 42860000 01010101 03ffffff ff008004 00000080 0020
C Bo:1:006:2 0 22 >
C Bi:1:006:2 0 2 = 1410
S Bi:1:006:2 -115 32 <
S Bo:1:006:2 -115 7 = 450504d7 c20020
C Bo:1:006:2 0 7 >
C Bi:1:006:2 0 2 = 1410
S Bi:1:006:2 -115 32 <
S Bo:1:006:2 -115 2 = 5020
C Bo:1:006:2 0 2 >
C Bi:1:006:2 0 2 = 1410
S Bi:1:006:2 -115 32 <
S Bo:1:006:2 -115 2 = 7520
C Bo:1:006:2 0 2 >
C Bi:1:006:2 0 5 = 141e950f 10
S Bi:1:006:2 -115 32 <
S Bo:1:006:2 -115 4 = 55000020
C Bo:1:006:2 0 4 >
C Bi:1:006:2 0 2 = 1410
S Bi:1:006:2 -115 32 <
S Bo:1:006:2 -115 32 = 64008046 0c945d00 0c948500 0c948500 0c948500 0c948500 0c948500 0c948500
S Bo:1:006:2 -115 32 = 0c948500 0c948500 0c948500 0c948500 0c948500 0c948500 0c948500 0c948500
C Bo:1:006:2 0 32 >
S Bo:1:006:2 -115 32 = 0c948500 0c94b402 0c948500 0c942403 0c94fe02 0c948500 0c948500 0c948500
C Bo:1:006:2 0 32 >
S Bo:1:006:2 -115 32 = 0c948500 0c948500 0c948500 00000000 24002700 2a000000 00002500 28002b00
C Bo:1:006:2 0 32 >
S Bo:1:006:2 -115 5 = 04040404 20
C Bo:1:006:2 0 32 >
C Bo:1:006:2 0 5 >
C Bi:1:006:2 0 1 = 14
S Bi:1:006:2 -115 32 <
C Bi:1:006:2 0 1 = 10
S Bi:1:006:2 -115 32 <
S Bo:1:006:2 -115 4 = 55400020
C Bo:1:006:2 0 4 >
C Bi:1:006:2 0 2 = 1410
S Bi:1:006:2 -115 32 <
S Bo:1:006:2 -115 32 = 64008046 04040404 02020202 02020303 03030303 01020408 10204080 01020408
S Bo:1:006:2 -115 32 = 10200102 04081020 00000008 00020100 00030407 00000000 00000000 67041124
C Bo:1:006:2 0 32 >
S Bo:1:006:2 -115 32 = 1fbecfef d8e0debf cdbf11e0 a0e0b1e0 ece7f9e0 02c00590 0d92aa31 b107d9f7
C Bo:1:006:2 0 32 >
S Bo:1:006:2 -115 32 = 21e0aae1 b1e001c0 1d92a23c b207e1f7 10e0cde5 d0e004c0 2197fe01 0e94b604
C Bo:1:006:2 0 32 >
S Bo:1:006:2 -115 5 = cc35d107 20
C Bo:1:006:2 0 32 >
C Bo:1:006:2 0 5 >
C Bi:1:006:2 0 1 = 14
S Bi:1:006:2 -115 32 <
C Bi:1:006:2 0 1 = 10
S Bi:1:006:2 -115 32 <
S Bo:1:006:2 -115 4 = 55800020
C Bo:1:006:2 0 4 >
C Bi:1:006:2 0 2 = 1410
S Bi:1:006:2 -115 32 <
S Bo:1:006:2 -115 32 = 64008046 c9f70e94 56030c94 bc040c94 000090e0 fc01ec55 ff4f2491 fc01e057
S Bo:1:006:2 -115 32 = ff4f3491 fc01e458 ff4fe491 ee23c9f0 222339f0 233001f1 a8f42130 19f12230
C Bo:1:006:2 0 32 >
S Bo:1:006:2 -115 32 = 29f1f0e0 ee0fff1f ee58ff4f a591b491 8fb7f894 ec916111 26c03095 3e233c93
C Bo:1:006:2 0 32 >
S Bo:1:006:2 -115 32 = 8fbf0895 2730a9f0 2830c9f0 243049f7 80918000 8f7d03c0 80918000 8f778093
C Bo:1:006:2 0 32 >
S Bo:1:006:2 -115 5 = 8000dfcf 20
C Bo:1:006:2 0 32 >
C Bo:1:006:2 0 5 >
C Bi:1:006:2 0 1 = 14
S Bi:1:006:2 -115 32 <
C Bi:1:006:2 0 1 = 10
S Bi:1:006:2 -115 32 <
S Bo:1:006:2 -115 4 = 55c00020
C Bo:1:006:2 0 4 >
C Bi:1:006:2 0 2 = 1410
S Bi:1:006:2 -115 32 <
S Bo:1:006:2 -115 32 = 64008046 84b58f77 84bddbcf 84b58f7d fbcf8091 b0008f77 8093b000 d2cf8091
S Bo:1:006:2 -115 32 = b0008f7d f9cf3e2b dacf3fb7 f8948091 21019091 2201a091 2301b091 240126b5
C Bo:1:006:2 0 32 >
S Bo:1:006:2 -115 32 = a89b05c0 2f3f19f0 0196a11d b11d3fbf ba2fa92f 982f8827 bc01cd01 620f711d
C Bo:1:006:2 0 32 >
S Bo:1:006:2 -115 32 = 811d911d 42e0660f 771f881f 991f4a95 d1f70895 8f929f92 af92bf92 cf92df92
C Bo:1:006:2 0 32 >
S Bo:1:006:2 -115 5 = ef92ff92 20
C Bo:1:006:2 0 32 >
C Bo:1:006:2 0 5 >
C Bi:1:006:2 0 1 = 14
S Bi:1:006:2 -115 32 <
C Bi:1:006:2 0 1 = 10
S Bi:1:006:2 -115 32 <
S Bo:1:006:2 -115 4 = 55000120
C Bo:1:006:2 0 4 >
C Bi:1:006:2 0 2 = 1410
S Bi:1:006:2 -115 32 <
S Bo:1:006:2 -115 32 = 64008046 6b017c01 0e94d300 4b015c01 c114d104 e104f104 b9f00e94 d3006819
S Bo:1:006:2 -115 32 = 79098a09 9b09683e 73408105 910580f3 21e0c21a d108e108 f10888ee 880e83e0
C Bo:1:006:2 0 32 >
S Bo:1:006:2 -115 32 = 981ea11c b11ce4cf ff90ef90 df90cf90 bf90af90 9f908f90 0895af92 bf92cf92
C Bo:1:006:2 0 32 >
S Bo:1:006:2 -115 32 = df92ef92 ff920f93 1f93cf93 df936c01 7b018b01 040f151f eb015e01 ae18bf08
C Bo:1:006:2 0 32 >
S Bo:1:006:2 -115 5 = c017d107 20
C Bo:1:006:2 0 32 >
C Bo:1:006:2 0 5 >
C Bi:1:006:2 0 1 = 14
S Bi:1:006:2 -115 32 <
C Bi:1:006:2 0 1 = 10
S Bi:1:006:2 -115 32 <
S Bo:1:006:2 -115 4 = 55400120
C Bo:1:006:2 0 4 >
C Bi:1:006:2 0 2 = 1410
S Bi:1:006:2 -115 32 <
S Bo:1:006:2 -115 32 = 64008046 59f06991 d601ed91 fc910190 f081e02d c6010995 892b79f7 c501df91
S Bo:1:006:2 -115 32 = cf911f91 0f91ff90 ef90df90 cf90bf90 af900895 fc01538d 448d252f 30e0842f
C Bo:1:006:2 0 32 >
S Bo:1:006:2 -115 32 = 90e0821b 930b5417 10f0cf96 08950197 0895fc01 918d828d 981761f0 a28dae0f
C Bo:1:006:2 0 32 >
S Bo:1:006:2 -115 32 = bf2fb11d 5d968c91 928d9f5f 9f73928f 90e00895 8fef9fef 0895fc01 918d828d
C Bo:1:006:2 0 32 >
S Bo:1:006:2 -115 5 = 981731f0 20
C Bo:1:006:2 0 32 >
C Bo:1:006:2 0 5 >
C Bi:1:006:2 0 1 = 14
S Bi:1:006:2 -115 32 <
C Bi:1:006:2 0 1 = 10
S Bi:1:006:2 -115 32 <
S Bo:1:006:2 -115 4 = 55800120
C Bo:1:006:2 0 4 >
C Bi:1:006:2 0 2 = 1410
S Bi:1:006:2 -115 32 <
S Bo:1:006:2 -115 32 = 64008046 828de80f f11d858d 90e00895 8fef9fef 0895fc01 918d228d 892f90e0
S Bo:1:006:2 -115 32 = 805c9f4f 821b9109 8f739927 089585e2 91e00e94 890121e0 892b09f4 20e0822f
C Bo:1:006:2 0 32 >
S Bo:1:006:2 -115 32 = 089580e0 90e0892b 29f00e94 95018111 0c940000 0895fc01 a48da80f b92fb11d
C Bo:1:006:2 0 32 >
S Bo:1:006:2 -115 32 = a35abf4f 2c91848d 90e00196 8f739927 848fa689 b7892c93 a089b189 8c918370
C Bo:1:006:2 0 32 >
S Bo:1:006:2 -115 5 = 80648c93 20
C Bo:1:006:2 0 32 >
C Bo:1:006:2 0 5 >
C Bi:1:006:2 0 1 = 14
S Bi:1:006:2 -115 32 <
C Bi:1:006:2 0 1 = 10
S Bi:1:006:2 -115 32 <
S Bo:1:006:2 -115 4 = 55c00120
C Bo:1:006:2 0 4 >
C Bi:1:006:2 0 2 = 1410
S Bi:1:006:2 -115 32 <
S Bo:1:006:2 -115 32 = 64008046 938d848d 981306c0 0288f389 e02d8081 8f7d8083 0895ef92 ff920f93
S Bo:1:006:2 -115 32 = 1f93cf93 df93ec01 81e0888f 9b8d8c8d 98131ac0 e889f989 808185ff 15c09fb7
C Bo:1:006:2 0 32 >
S Bo:1:006:2 -115 32 = f894ee89 ff896083 e889f989 80818370 80648083 9fbf81e0 90e0df91 cf911f91
C Bo:1:006:2 0 32 >
S Bo:1:006:2 -115 32 = 0f91ff90 ef900895 f62e0b8d 10e00f5f 1f4f0f73 1127e02e 8c8d8e11 0cc00fb6
C Bo:1:006:2 0 32 >
S Bo:1:006:2 -115 5 = 07fcfacf 20
C Bo:1:006:2 0 32 >
C Bo:1:006:2 0 5 >
C Bi:1:006:2 0 1 = 14
S Bi:1:006:2 -115 32 <
C Bi:1:006:2 0 1 = 10
S Bi:1:006:2 -115 32 <
S Bo:1:006:2 -115 4 = 55000220
C Bo:1:006:2 0 4 >
C Bi:1:006:2 0 2 = 1410
S Bi:1:006:2 -115 32 <
S Bo:1:006:2 -115 32 = 64008046 e889f989 808185ff f5cfce01 0e94a901 f1cfeb8d ec0ffd2f f11de35a
S Bo:1:006:2 -115 32 = ff4ff082 9fb7f894 0b8fea89 fb898081 8062cfcf cf93df93 ec01888d 8823b9f0
C Bo:1:006:2 0 32 >
S Bo:1:006:2 -115 32 = aa89bb89 e889f989 8c9185fd 03c08081 86fd0dc0 0fb607fc f7cf8c91 85fff2cf
C Bo:1:006:2 0 32 >
S Bo:1:006:2 -115 32 = 808185ff edcfce01 0e94a901 e9cfdf91 cf910895 fc010190 0020e9f7 3197af01
C Bo:1:006:2 0 32 >
S Bo:1:006:2 -115 5 = 481b590b 20
C Bo:1:006:2 0 32 >
C Bo:1:006:2 0 5 >
C Bi:1:006:2 0 1 = 14
S Bi:1:006:2 -115 32 <
C Bi:1:006:2 0 1 = 10
S Bi:1:006:2 -115 32 <
S Bo:1:006:2 -115 4 = 55400220
C Bo:1:006:2 0 4 >
C Bi:1:006:2 0 2 = 1410
S Bi:1:006:2 -115 32 <
S Bo:1:006:2 -115 32 = 64008046 bc0185e2 91e00c94 2b018f92 9f92af92 bf920f93 1f93cf93 df93cdb7
S Bo:1:006:2 -115 32 = deb7a197 0fb6f894 debf0fbe cdbf19a2 423008f4 4ae08e01 0f5d1f4f 842e912c
C Bo:1:006:2 0 32 >
S Bo:1:006:2 -115 32 = b12ca12c a5019401 0e949404 e62fb901 ca01ea30 f4f4e05d d801ee93 8d01232b
C Bo:1:006:2 0 32 >
S Bo:1:006:2 -115 32 = 242b252b 79f790e0 80e01097 19f0cd01 0e943802 a1960fb6 f894debf 0fbecdbf
C Bo:1:006:2 0 32 >
S Bo:1:006:2 -115 5 = df91cf91 20
C Bo:1:006:2 0 32 >
C Bo:1:006:2 0 5 >
C Bi:1:006:2 0 1 = 14
S Bi:1:006:2 -115 32 <
C Bi:1:006:2 0 1 = 10
S Bi:1:006:2 -115 32 <
S Bo:1:006:2 -115 4 = 55800220
C Bo:1:006:2 0 4 >
C Bi:1:006:2 0 2 = 1410
S Bi:1:006:2 -115 32 <
S Bo:1:006:2 -115 32 = 64008046 1f910f91 bf90af90 9f908f90 0895e95c e1cfcf92 df92ef92 ff92cf93
S Bo:1:006:2 -115 32 = df936b01 7c016de2 85e291e0 0e94cb01 ec016627 7727cb01 6c197d09 8e099f09
C Bo:1:006:2 0 32 >
S Bo:1:006:2 -115 32 = 4ae00e94 45028c0f 9d1fdf91 cf91ff90 ef90df90 cf900895 bc01990f 880b990b
C Bo:1:006:2 0 32 >
S Bo:1:006:2 -115 32 = 97fd0c94 89024ae0 0c944502 1f920f92 0fb60f92 11242f93 3f938f93 9f93af93
C Bo:1:006:2 0 32 >
S Bo:1:006:2 -115 5 = bf938091 20
C Bo:1:006:2 0 32 >
C Bo:1:006:2 0 5 >
C Bi:1:006:2 0 1 = 14
S Bi:1:006:2 -115 32 <
C Bi:1:006:2 0 1 = 10
S Bi:1:006:2 -115 32 <
S Bo:1:006:2 -115 4 = 55c00220
C Bo:1:006:2 0 4 >
C Bi:1:006:2 0 2 = 1410
S Bi:1:006:2 -115 32 <
S Bo:1:006:2 -115 32 = 64008046 1d019091 1e01a091 1f01b091 20013091 1c0123e0 230f2d37 58f50196
S Bo:1:006:2 -115 32 = a11db11d 20931c01 80931d01 90931e01 a0931f01 b0932001 80912101 90912201
C Bo:1:006:2 0 32 >
S Bo:1:006:2 -115 32 = a0912301 b0912401 0196a11d b11d8093 21019093 2201a093 2301b093 2401bf91
C Bo:1:006:2 0 32 >
S Bo:1:006:2 -115 32 = af919f91 8f913f91 2f910f90 0fbe0f90 1f901895 26e8230f 0296a11d b11dd2cf
C Bo:1:006:2 0 32 >
S Bo:1:006:2 -115 5 = 1f920f92 20
C Bo:1:006:2 0 32 >
C Bo:1:006:2 0 5 >
C Bi:1:006:2 0 1 = 14
S Bi:1:006:2 -115 32 <
C Bi:1:006:2 0 1 = 10
S Bi:1:006:2 -115 32 <
S Bo:1:006:2 -115 4 = 55000320
C Bo:1:006:2 0 4 >
C Bi:1:006:2 0 2 = 1410
S Bi:1:006:2 -115 32 <
S Bo:1:006:2 -115 32 = 64008046 0fb60f92 11242f93 3f934f93 5f936f93 7f938f93 9f93af93 bf93ef93
S Bo:1:006:2 -115 32 = ff9385e2 91e00e94 a901ff91 ef91bf91 af919f91 8f917f91 6f915f91 4f913f91
C Bo:1:006:2 0 32 >
S Bo:1:006:2 -115 32 = 2f910f90 0fbe0f90 1f901895 1f920f92 0fb60f92 11242f93 8f939f93 ef93ff93
C Bo:1:006:2 0 32 >
S Bo:1:006:2 -115 32 = e0913501 f0913601 8081e091 3b01f091 3c0182fd 1bc09081 80913e01 8f5f8f73
C Bo:1:006:2 0 32 >
S Bo:1:006:2 -115 5 = 20913f01 20
C Bo:1:006:2 0 32 >
C Bo:1:006:2 0 5 >
C Bi:1:006:2 0 1 = 14
S Bi:1:006:2 -115 32 <
C Bi:1:006:2 0 1 = 10
S Bi:1:006:2 -115 32 <
S Bo:1:006:2 -115 4 = 55400320
C Bo:1:006:2 0 4 >
C Bi:1:006:2 0 2 = 1410
S Bi:1:006:2 -115 32 <
S Bo:1:006:2 -115 32 = 64008046 821741f0 e0913e01 f0e0eb5d fe4f958f 80933e01 ff91ef91 9f918f91
S Bo:1:006:2 -115 32 = 2f910f90 0fbe0f90 1f901895 8081f4cf 789484b5 826084bd 84b58160 84bd85b5
C Bo:1:006:2 0 32 >
S Bo:1:006:2 -115 32 = 826085bd 85b58160 85bd8091 6e008160 80936e00 10928100 80918100 82608093
C Bo:1:006:2 0 32 >
S Bo:1:006:2 -115 32 = 81008091 81008160 80938100 80918000 81608093 80008091 b1008460 8093b100
C Bo:1:006:2 0 32 >
S Bo:1:006:2 -115 5 = 8091b000 20
C Bo:1:006:2 0 32 >
C Bo:1:006:2 0 5 >
C Bi:1:006:2 0 1 = 14
S Bi:1:006:2 -115 32 <
C Bi:1:006:2 0 1 = 10
S Bi:1:006:2 -115 32 <
S Bo:1:006:2 -115 4 = 55800320
C Bo:1:006:2 0 4 >
C Bi:1:006:2 0 2 = 1410
S Bi:1:006:2 -115 32 <
S Bo:1:006:2 -115 32 = 64008046 81608093 b0008091 7a008460 80937a00 80917a00 82608093 7a008091
S Bo:1:006:2 -115 32 = 7a008160 80937a00 80917a00 80688093 7a001092 c100e091 3501f091 360182e0
C Bo:1:006:2 0 32 >
S Bo:1:006:2 -115 32 = 8083e091 3101f091 32011082 e0913301 f0913401 8fec8083 10923d01 e0913901
C Bo:1:006:2 0 32 >
S Bo:1:006:2 -115 32 = f0913a01 86e08083 e0913701 f0913801 80818061 8083e091 3701f091 38018081
C Bo:1:006:2 0 32 >
S Bo:1:006:2 -115 5 = 88608083 20
C Bo:1:006:2 0 32 >
C Bo:1:006:2 0 5 >
C Bi:1:006:2 0 1 = 14
S Bi:1:006:2 -115 32 <
C Bi:1:006:2 0 1 = 10
S Bi:1:006:2 -115 32 <
S Bo:1:006:2 -115 4 = 55c00320
C Bo:1:006:2 0 4 >
C Bi:1:006:2 0 2 = 1410
S Bi:1:006:2 -115 32 <
S Bo:1:006:2 -115 32 = 64008046 e0913701 f0913801 80818068 8083e091 3701f091 38018081 8f7d8083
S Bo:1:006:2 -115 32 = ede9f0e0 2491e9e8 f0e08491 882399f0 90e0880f 991ffc01 e859ff4f a591b491
C Bo:1:006:2 0 32 >
S Bo:1:006:2 -115 32 = fc01ee58 ff4f8591 94918fb7 f894ec91 e22bec93 8fbfc8ee d3e000e0 10e0ee24
C Bo:1:006:2 0 32 >
S Bo:1:006:2 -115 32 = e394f12c 81e090e0 0e94aa02 84e191e0 0e943802 61e08de0 0e948700 80910001
C Bo:1:006:2 0 32 >
S Bo:1:006:2 -115 5 = 90910101 20
C Bo:1:006:2 0 32 >
C Bo:1:006:2 0 5 >
C Bi:1:006:2 0 1 = 14
S Bi:1:006:2 -115 32 <
C Bi:1:006:2 0 1 = 10
S Bi:1:006:2 -115 32 <
S Bo:1:006:2 -115 4 = 55000420
C Bo:1:006:2 0 4 >
C Bi:1:006:2 0 2 = 1410
S Bi:1:006:2 -115 32 <
S Bo:1:006:2 -115 32 = 64008046 8c9fb001 8d9f700d 9c9f700d 1124072e 000c880b 990b0e94 f80090e0
S Bo:1:006:2 -115 32 = 80e00e94 aa0284e1 91e00e94 380260e0 8de00e94 870068ee 73e080e0 90e00e94
C Bo:1:006:2 0 32 >
S Bo:1:006:2 -115 32 = f80085e2 91e00e94 89011816 190624f5 85e291e0 0e946701 90930101 80930001
C Bo:1:006:2 0 32 >
S Bo:1:006:2 -115 32 = bc01990f 880b990b 97ff12c0 0e948902 86e191e0 0e943802 80910001 90910101
C Bo:1:006:2 0 32 >
S Bo:1:006:2 -115 5 = 18161906 20
C Bo:1:006:2 0 32 >
C Bo:1:006:2 0 5 >
C Bi:1:006:2 0 1 = 14
S Bi:1:006:2 -115 32 <
C Bi:1:006:2 0 1 = 10
S Bi:1:006:2 -115 32 <
S Bo:1:006:2 -115 4 = 55400420
C Bo:1:006:2 0 4 >
C Bi:1:006:2 0 2 = 1410
S Bi:1:006:2 -115 32 <
S Bo:1:006:2 -115 32 = 64008046 f4f2f092 0101e092 0001d9cf 4ae00e94 4502eccf 80911a01 90911b01
S Bo:1:006:2 -115 32 = 9c012f5f 3f4f3093 1b012093 1a010e94 aa0288e1 91e00e94 38020115 110509f4
C Bo:1:006:2 0 32 >
S Bo:1:006:2 -115 32 = 91cf0e94 95018823 09f48ccf 0e940000 89cfe5e2 f1e01382 128288ee 93e0a0e0
C Bo:1:006:2 0 32 >
S Bo:1:006:2 -115 32 = b0e08483 9583a683 b78386e0 91e09183 808385ec 90e09587 848784ec 90e09787
C Bo:1:006:2 0 32 >
S Bo:1:006:2 -115 5 = 868780ec 20
C Bo:1:006:2 0 32 >
C Bo:1:006:2 0 5 >
C Bi:1:006:2 0 1 = 14
S Bi:1:006:2 -115 32 <
C Bi:1:006:2 0 1 = 10
S Bi:1:006:2 -115 32 <
S Bo:1:006:2 -115 4 = 55800420
C Bo:1:006:2 0 4 >
C Bi:1:006:2 0 2 = 1410
S Bi:1:006:2 -115 32 <
S Bo:1:006:2 -115 32 = 64008046 90e0918b 808b81ec 90e0938b 828b82ec 90e0958b 848b86ec 90e0978b
S Bo:1:006:2 -115 32 = 868b118e 128e138e 148e0895 a1e21a2e aa1bbb1b fd010dc0 aa1fbb1f ee1fff1f
C Bo:1:006:2 0 32 >
S Bo:1:006:2 -115 32 = a217b307 e407f507 20f0a21b b30be40b f50b661f 771f881f 991f1a94 69f76095
C Bo:1:006:2 0 32 >
S Bo:1:006:2 -115 32 = 70958095 90959b01 ac01bd01 cf010895 ee0fff1f 0590f491 e02d0994 f894ffcf
C Bo:1:006:2 0 32 >
S Bo:1:006:2 -115 5 = 01000000 20
C Bo:1:006:2 0 32 >
C Bo:1:006:2 0 5 >
C Bi:1:006:2 0 1 = 14
S Bi:1:006:2 -115 32 <
C Bi:1:006:2 0 1 = 10
S Bi:1:006:2 -115 32 <
S Bo:1:006:2 -115 4 = 55c00420
C Bo:1:006:2 0 4 >
C Bi:1:006:2 0 2 = 1410
S Bi:1:006:2 -115 32 <
S Bo:1:006:2 -115 32 = 64008046 0000cb01 2b015801 18028901 67017b01 61006200 6300ffff ffffffff
S Bo:1:006:2 -115 32 = ffffffff ffffffff ffffffff ffffffff ffffffff ffffffff ffffffff ffffffff
C Bo:1:006:2 0 32 >
S Bo:1:006:2 -115 32 = ffffffff ffffffff ffffffff ffffffff ffffffff ffffffff ffffffff ffffffff
C Bo:1:006:2 0 32 >
S Bo:1:006:2 -115 32 = ffffffff ffffffff ffffffff ffffffff ffffffff ffffffff ffffffff ffffffff
C Bo:1:006:2 0 32 >
S Bo:1:006:2 -115 5 = ffffffff 20
C Bo:1:006:2 0 32 >
C Bo:1:006:2 0 5 >
C Bi:1:006:2 0 1 = 14
S Bi:1:006:2 -115 32 <
C Bi:1:006:2 0 1 = 10
S Bi:1:006:2 -115 32 <
S Bo:1:006:2 -115 4 = 55000020
C Bo:1:006:2 0 4 >
C Bi:1:006:2 0 2 = 1410
S Bi:1:006:2 -115 32 <
S Bo:1:006:2 -115 5 = 74008046 20
C Bo:1:006:2 0 5 >
C Bi:1:006:2 0 32 = 140c945d 000c9485 000c9485 000c9485 000c9485 000c9485 000c9485 000c9485
S Bi:1:006:2 -115 32 <
C Bi:1:006:2 0 32 = 000c9485 000c9485 000c9485 000c9485 000c9485 000c9485 000c9485 000c9485
S Bi:1:006:2 -115 32 <
C Bi:1:006:2 0 32 = 000c94b4 020c9485 000c9424 030c94fe 020c9485 000c9485 000c9485 000c9485
S Bi:1:006:2 -115 32 <
C Bi:1:006:2 0 32 = 000c9485 000c9485 00000000 00240027 002a0000 00000025 0028002b 00040404
S Bi:1:006:2 -115 32 <
C Bi:1:006:2 0 2 = 0410
S Bi:1:006:2 -115 32 <
S Bo:1:006:2 -115 4 = 55400020
C Bo:1:006:2 0 4 >
C Bi:1:006:2 0 2 = 1410
S Bi:1:006:2 -115 32 <
S Bo:1:006:2 -115 5 = 74008046 20
C Bo:1:006:2 0 5 >
C Bi:1:006:2 0 32 = 14040404 04020202 02020203 03030303 03010204 08102040 80010204 08102001
S Bi:1:006:2 -115 32 <
C Bi:1:006:2 0 32 = 02040810 20000000 08000201 00000304 07000000 00000000 00670411 241fbecf
S Bi:1:006:2 -115 32 <
C Bi:1:006:2 0 32 = efd8e0de bfcdbf11 e0a0e0b1 e0ece7f9 e002c005 900d92aa 31b107d9 f721e0aa
S Bi:1:006:2 -115 32 <
C Bi:1:006:2 0 32 = e1b1e001 c01d92a2 3cb207e1 f710e0cd e5d0e004 c02197fe 010e94b6 04cc35d1
S Bi:1:006:2 -115 32 <
C Bi:1:006:2 0 2 = 0710
S Bi:1:006:2 -115 32 <
S Bo:1:006:2 -115 4 = 55800020
C Bo:1:006:2 0 4 >
C Bi:1:006:2 0 2 = 1410
S Bi:1:006:2 -115 32 <
S Bo:1:006:2 -115 5 = 74008046 20
C Bo:1:006:2 0 5 >
C Bi:1:006:2 0 32 = 14c9f70e 9456030c 94bc040c 94000090 e0fc01ec 55ff4f24 91fc01e0 57ff4f34
S Bi:1:006:2 -115 32 <
C Bi:1:006:2 0 32 = 91fc01e4 58ff4fe4 91ee23c9 f0222339 f0233001 f1a8f421 3019f122 3029f1f0
S Bi:1:006:2 -115 32 <
C Bi:1:006:2 0 32 = e0ee0fff 1fee58ff 4fa591b4 918fb7f8 94ec9161 1126c030 953e233c 938fbf08
S Bi:1:006:2 -115 32 <
C Bi:1:006:2 0 32 = 952730a9 f02830c9 f0243049 f7809180 008f7d03 c0809180 008f7780 938000df
S Bi:1:006:2 -115 32 <
C Bi:1:006:2 0 2 = cf10
S Bi:1:006:2 -115 32 <
S Bo:1:006:2 -115 4 = 55c00020
C Bo:1:006:2 0 4 >
C Bi:1:006:2 0 2 = 1410
S Bi:1:006:2 -115 32 <
S Bo:1:006:2 -115 5 = 74008046 20
C Bo:1:006:2 0 5 >
C Bi:1:006:2 0 32 = 1484b58f 7784bddb cf84b58f 7dfbcf80 91b0008f 778093b0 00d2cf80 91b0008f
S Bi:1:006:2 -115 32 <
C Bi:1:006:2 0 32 = 7df9cf3e 2bdacf3f b7f89480 91210190 912201a0 912301b0 91240126 b5a89b05
S Bi:1:006:2 -115 32 <
C Bi:1:006:2 0 32 = c02f3f19 f00196a1 1db11d3f bfba2fa9 2f982f88 27bc01cd 01620f71 1d811d91
S Bi:1:006:2 -115 32 <
C Bi:1:006:2 0 32 = 1d42e066 0f771f88 1f991f4a 95d1f708 958f929f 92af92bf 92cf92df 92ef92ff
S Bi:1:006:2 -115 32 <
C Bi:1:006:2 0 2 = 9210
S Bi:1:006:2 -115 32 <
S Bo:1:006:2 -115 4 = 55000120
C Bo:1:006:2 0 4 >
C Bi:1:006:2 0 2 = 1410
S Bi:1:006:2 -115 32 <
S Bo:1:006:2 -115 5 = 74008046 20
C Bo:1:006:2 0 5 >
C Bi:1:006:2 0 32 = 146b017c 010e94d3 004b015c 01c114d1 04e104f1 04b9f00e 94d30068 1979098a
S Bi:1:006:2 -115 32 <
C Bi:1:006:2 0 32 = 099b0968 3e734081 05910580 f321e0c2 1ad108e1 08f10888 ee880e83 e0981ea1
S Bi:1:006:2 -115 32 <
C Bi:1:006:2 0 32 = 1cb11ce4 cfff90ef 90df90cf 90bf90af 909f908f 900895af 92bf92cf 92df92ef
S Bi:1:006:2 -115 32 <
C Bi:1:006:2 0 32 = 92ff920f 931f93cf 93df936c 017b018b 01040f15 1feb015e 01ae18bf 08c017d1
S Bi:1:006:2 -115 32 <
C Bi:1:006:2 0 2 = 0710
S Bi:1:006:2 -115 32 <
S Bo:1:006:2 -115 4 = 55400120
C Bo:1:006:2 0 4 >
C Bi:1:006:2 0 2 = 1410
S Bi:1:006:2 -115 32 <
S Bo:1:006:2 -115 5 = 74008046 20
C Bo:1:006:2 0 5 >
C Bi:1:006:2 0 32 = 1459f069 91d601ed 91fc9101 90f081e0 2dc60109 95892b79 f7c501df 91cf911f
S Bi:1:006:2 -115 32 <
C Bi:1:006:2 0 32 = 910f91ff 90ef90df 90cf90bf 90af9008 95fc0153 8d448d25 2f30e084 2f90e082
S Bi:1:006:2 -115 32 <
C Bi:1:006:2 0 32 = 1b930b54 1710f0cf 96089501 970895fc 01918d82 8d981761 f0a28dae 0fbf2fb1
S Bi:1:006:2 -115 32 <
C Bi:1:006:2 0 32 = 1d5d968c 91928d9f 5f9f7392 8f90e008 958fef9f ef0895fc 01918d82 8d981731
S Bi:1:006:2 -115 32 <
C Bi:1:006:2 0 2 = f010
S Bi:1:006:2 -115 32 <
S Bo:1:006:2 -115 4 = 55800120
C Bo:1:006:2 0 4 >
C Bi:1:006:2 0 2 = 1410
S Bi:1:006:2 -115 32 <
S Bo:1:006:2 -115 5 = 74008046 20
C Bo:1:006:2 0 5 >
C Bi:1:006:2 0 32 = 14828de8 0ff11d85 8d90e008 958fef9f ef0895fc 01918d22 8d892f90 e0805c9f
S Bi:1:006:2 -115 32 <
C Bi:1:006:2 0 32 = 4f821b91 098f7399 27089585 e291e00e 94890121 e0892b09 f420e082 2f089580
S Bi:1:006:2 -115 32 <
C Bi:1:006:2 0 32 = e090e089 2b29f00e 94950181 110c9400 000895fc 01a48da8 0fb92fb1 1da35abf
S Bi:1:006:2 -115 32 <
C Bi:1:006:2 0 32 = 4f2c9184 8d90e001 968f7399 27848fa6 89b7892c 93a089b1 898c9183 7080648c
S Bi:1:006:2 -115 32 <
C Bi:1:006:2 0 2 = 9310
S Bi:1:006:2 -115 32 <
S Bo:1:006:2 -115 4 = 55c00120
C Bo:1:006:2 0 4 >
C Bi:1:006:2 0 2 = 1410
S Bi:1:006:2 -115 32 <
S Bo:1:006:2 -115 5 = 74008046 20
C Bo:1:006:2 0 5 >
C Bi:1:006:2 0 32 = 14938d84 8d981306 c00288f3 89e02d80 818f7d80 830895ef 92ff920f 931f93cf
S Bi:1:006:2 -115 32 <
C Bi:1:006:2 0 32 = 93df93ec 0181e088 8f9b8d8c 8d98131a c0e889f9 89808185 ff15c09f b7f894ee
S Bi:1:006:2 -115 32 <
C Bi:1:006:2 0 32 = 89ff8960 83e889f9 89808183 70806480 839fbf81 e090e0df 91cf911f 910f91ff
S Bi:1:006:2 -115 32 <
C Bi:1:006:2 0 32 = 90ef9008 95f62e0b 8d10e00f 5f1f4f0f 731127e0 2e8c8d8e 110cc00f b607fcfa
S Bi:1:006:2 -115 32 <
C Bi:1:006:2 0 2 = cf10
S Bi:1:006:2 -115 32 <
S Bo:1:006:2 -115 4 = 55000220
C Bo:1:006:2 0 4 >
C Bi:1:006:2 0 2 = 1410
S Bi:1:006:2 -115 32 <
S Bo:1:006:2 -115 5 = 74008046 20
C Bo:1:006:2 0 5 >
C Bi:1:006:2 0 32 = 14e889f9 89808185 fff5cfce 010e94a9 01f1cfeb 8dec0ffd 2ff11de3 5aff4ff0
S Bi:1:006:2 -115 32 <
C Bi:1:006:2 0 32 = 829fb7f8 940b8fea 89fb8980 818062cf cfcf93df 93ec0188 8d8823b9 f0aa89bb
S Bi:1:006:2 -115 32 <
C Bi:1:006:2 0 32 = 89e889f9 898c9185 fd03c080 8186fd0d c00fb607 fcf7cf8c 9185fff2 cf808185
S Bi:1:006:2 -115 32 <
C Bi:1:006:2 0 32 = ffedcfce 010e94a9 01e9cfdf 91cf9108 95fc0101 900020e9 f73197af 01481b59
S Bi:1:006:2 -115 32 <
C Bi:1:006:2 0 2 = 0b10
S Bi:1:006:2 -115 32 <
S Bo:1:006:2 -115 4 = 55400220
C Bo:1:006:2 0 4 >
C Bi:1:006:2 0 2 = 1410
S Bi:1:006:2 -115 32 <
S Bo:1:006:2 -115 5 = 74008046 20
C Bo:1:006:2 0 5 >
C Bi:1:006:2 0 32 = 14bc0185 e291e00c 942b018f 929f92af 92bf920f 931f93cf 93df93cd b7deb7a1
S Bi:1:006:2 -115 32 <
C Bi:1:006:2 0 32 = 970fb6f8 94debf0f becdbf19 a2423008 f44ae08e 010f5d1f 4f842e91 2cb12ca1
S Bi:1:006:2 -115 32 <
C Bi:1:006:2 0 32 = 2ca50194 010e9494 04e62fb9 01ca01ea 30f4f4e0 5dd801ee 938d0123 2b242b25
S Bi:1:006:2 -115 32 <
C Bi:1:006:2 0 32 = 2b79f790 e080e010 9719f0cd 010e9438 02a1960f b6f894de bf0fbecd bfdf91cf
S Bi:1:006:2 -115 32 <
C Bi:1:006:2 0 2 = 9110
S Bi:1:006:2 -115 32 <
S Bo:1:006:2 -115 4 = 55800220
C Bo:1:006:2 0 4 >
C Bi:1:006:2 0 2 = 1410
S Bi:1:006:2 -115 32 <
S Bo:1:006:2 -115 5 = 74008046 20
C Bo:1:006:2 0 5 >
C Bi:1:006:2 0 32 = 141f910f 91bf90af 909f908f 900895e9 5ce1cfcf 92df92ef 92ff92cf 93df936b
S Bi:1:006:2 -115 32 <
C Bi:1:006:2 0 32 = 017c016d e285e291 e00e94cb 01ec0166 277727cb 016c197d 098e099f 094ae00e
S Bi:1:006:2 -115 32 <
C Bi:1:006:2 0 32 = 9445028c 0f9d1fdf 91cf91ff 90ef90df 90cf9008 95bc0199 0f880b99 0b97fd0c
S Bi:1:006:2 -115 32 <
C Bi:1:006:2 0 32 = 9489024a e00c9445 021f920f 920fb60f 9211242f 933f938f 939f93af 93bf9380
S Bi:1:006:2 -115 32 <
C Bi:1:006:2 0 2 = 9110
S Bi:1:006:2 -115 32 <
S Bo:1:006:2 -115 4 = 55c00220
C Bo:1:006:2 0 4 >
C Bi:1:006:2 0 2 = 1410
S Bi:1:006:2 -115 32 <
S Bo:1:006:2 -115 5 = 74008046 20
C Bo:1:006:2 0 5 >
C Bi:1:006:2 0 32 = 141d0190 911e01a0 911f01b0 91200130 911c0123 e0230f2d 3758f501 96a11db1
S Bi:1:006:2 -115 32 <
C Bi:1:006:2 0 32 = 1d20931c 0180931d 0190931e 01a0931f 01b09320 01809121 01909122 01a09123
S Bi:1:006:2 -115 32 <
C Bi:1:006:2 0 32 = 01b09124 010196a1 1db11d80 93210190 932201a0 932301b0 932401bf 91af919f
S Bi:1:006:2 -115 32 <
C Bi:1:006:2 0 32 = 918f913f 912f910f 900fbe0f 901f9018 9526e823 0f0296a1 1db11dd2 cf1f920f
S Bi:1:006:2 -115 32 <
C Bi:1:006:2 0 2 = 9210
S Bi:1:006:2 -115 32 <
S Bo:1:006:2 -115 4 = 55000320
C Bo:1:006:2 0 4 >
C Bi:1:006:2 0 2 = 1410
S Bi:1:006:2 -115 32 <
S Bo:1:006:2 -115 5 = 74008046 20
C Bo:1:006:2 0 5 >
C Bi:1:006:2 0 32 = 140fb60f 9211242f 933f934f 935f936f 937f938f 939f93af 93bf93ef 93ff9385
S Bi:1:006:2 -115 32 <
C Bi:1:006:2 0 32 = e291e00e 94a901ff 91ef91bf 91af919f 918f917f 916f915f 914f913f 912f910f
S Bi:1:006:2 -115 32 <
C Bi:1:006:2 0 32 = 900fbe0f 901f9018 951f920f 920fb60f 9211242f 938f939f 93ef93ff 93e09135
S Bi:1:006:2 -115 32 <
C Bi:1:006:2 0 32 = 01f09136 018081e0 913b01f0 913c0182 fd1bc090 8180913e 018f5f8f 7320913f
S Bi:1:006:2 -115 32 <
C Bi:1:006:2 0 2 = 0110
S Bi:1:006:2 -115 32 <
S Bo:1:006:2 -115 4 = 55400320
C Bo:1:006:2 0 4 >
C Bi:1:006:2 0 2 = 1410
S Bi:1:006:2 -115 32 <
S Bo:1:006:2 -115 5 = 74008046 20
C Bo:1:006:2 0 5 >
C Bi:1:006:2 0 32 = 14821741 f0e0913e 01f0e0eb 5dfe4f95 8f80933e 01ff91ef 919f918f 912f910f
S Bi:1:006:2 -115 32 <
C Bi:1:006:2 0 32 = 900fbe0f 901f9018 958081f4 cf789484 b5826084 bd84b581 6084bd85 b5826085
S Bi:1:006:2 -115 32 <
C Bi:1:006:2 0 32 = bd85b581 6085bd80 916e0081 6080936e 00109281 00809181 00826080 93810080
S Bi:1:006:2 -115 32 <
C Bi:1:006:2 0 32 = 91810081 60809381 00809180 00816080 93800080 91b10084 608093b1 008091b0
S Bi:1:006:2 -115 32 <
C Bi:1:006:2 0 2 = 0010
S Bi:1:006:2 -115 32 <
S Bo:1:006:2 -115 4 = 55800320
C Bo:1:006:2 0 4 >
C Bi:1:006:2 0 2 = 1410
S Bi:1:006:2 -115 32 <
S Bo:1:006:2 -115 5 = 74008046 20
C Bo:1:006:2 0 5 >
C Bi:1:006:2 0 32 = 14816080 93b00080 917a0084 6080937a 0080917a 00826080 937a0080 917a0081
S Bi:1:006:2 -115 32 <
C Bi:1:006:2 0 32 = 6080937a 0080917a 00806880 937a0010 92c100e0 913501f0 91360182 e08083e0
S Bi:1:006:2 -115 32 <
C Bi:1:006:2 0 32 = 913101f0 91320110 82e09133 01f09134 018fec80 8310923d 01e09139 01f0913a
S Bi:1:006:2 -115 32 <
C Bi:1:006:2 0 32 = 0186e080 83e09137 01f09138 01808180 618083e0 913701f0 91380180 81886080
S Bi:1:006:2 -115 32 <
C Bi:1:006:2 0 2 = 8310
S Bi:1:006:2 -115 32 <
S Bo:1:006:2 -115 4 = 55c00320
C Bo:1:006:2 0 4 >
C Bi:1:006:2 0 2 = 1410
S Bi:1:006:2 -115 32 <
S Bo:1:006:2 -115 5 = 74008046 20
C Bo:1:006:2 0 5 >
C Bi:1:006:2 0 32 = 14e09137 01f09138 01808180 688083e0 913701f0 91380180 818f7d80 83ede9f0
S Bi:1:006:2 -115 32 <
C Bi:1:006:2 0 32 = e02491e9 e8f0e084 91882399 f090e088 0f991ffc 01e859ff 4fa591b4 91fc01ee
S Bi:1:006:2 -115 32 <
C Bi:1:006:2 0 32 = 58ff4f85 9194918f b7f894ec 91e22bec 938fbfc8 eed3e000 e010e0ee 24e394f1
S Bi:1:006:2 -115 32 <
C Bi:1:006:2 0 32 = 2c81e090 e00e94aa 0284e191 e00e9438 0261e08d e00e9487 00809100 01909101
S Bi:1:006:2 -115 32 <
C Bi:1:006:2 0 2 = 0110
S Bi:1:006:2 -115 32 <
S Bo:1:006:2 -115 4 = 55000420
C Bo:1:006:2 0 4 >
C Bi:1:006:2 0 2 = 1410
S Bi:1:006:2 -115 32 <
S Bo:1:006:2 -115 5 = 74008046 20
C Bo:1:006:2 0 5 >
C Bi:1:006:2 0 32 = 148c9fb0 018d9f70 0d9c9f70 0d112407 2e000c88 0b990b0e 94f80090 e080e00e
S Bi:1:006:2 -115 32 <
C Bi:1:006:2 0 32 = 94aa0284 e191e00e 94380260 e08de00e 94870068 ee73e080 e090e00e 94f80085
S Bi:1:006:2 -115 32 <
C Bi:1:006:2 0 32 = e291e00e 94890118 16190624 f585e291 e00e9467 01909301 01809300 01bc0199
S Bi:1:006:2 -115 32 <
C Bi:1:006:2 0 32 = 0f880b99 0b97ff12 c00e9489 0286e191 e00e9438 02809100 01909101 01181619
S Bi:1:006:2 -115 32 <
C Bi:1:006:2 0 2 = 0610
S Bi:1:006:2 -115 32 <
S Bo:1:006:2 -115 4 = 55400420
C Bo:1:006:2 0 4 >
C Bi:1:006:2 0 2 = 1410
S Bi:1:006:2 -115 32 <
S Bo:1:006:2 -115 5 = 74008046 20
C Bo:1:006:2 0 5 >
C Bi:1:006:2 0 32 = 14f4f2f0 920101e0 920001d9 cf4ae00e 944502ec cf80911a 0190911b 019c012f
S Bi:1:006:2 -115 32 <
C Bi:1:006:2 0 32 = 5f3f4f30 931b0120 931a010e 94aa0288 e191e00e 94380201 15110509 f491cf0e
S Bi:1:006:2 -115 32 <
C Bi:1:006:2 0 32 = 94950188 2309f48c cf0e9400 0089cfe5 e2f1e013 82128288 ee93e0a0 e0b0e084
S Bi:1:006:2 -115 32 <
C Bi:1:006:2 0 32 = 839583a6 83b78386 e091e091 83808385 ec90e095 87848784 ec90e097 87868780
S Bi:1:006:2 -115 32 <
C Bi:1:006:2 0 2 = ec10
S Bi:1:006:2 -115 32 <
S Bo:1:006:2 -115 4 = 55800420
C Bo:1:006:2 0 4 >
C Bi:1:006:2 0 2 = 1410
S Bi:1:006:2 -115 32 <
S Bo:1:006:2 -115 5 = 74008046 20
C Bo:1:006:2 0 5 >
C Bi:1:006:2 0 32 = 1490e091 8b808b81 ec90e093 8b828b82 ec90e095 8b848b86 ec90e097 8b868b11
S Bi:1:006:2 -115 32 <
C Bi:1:006:2 0 32 = 8e128e13 8e148e08 95a1e21a 2eaa1bbb 1bfd010d c0aa1fbb 1fee1fff 1fa217b3
S Bi:1:006:2 -115 32 <
C Bi:1:006:2 0 32 = 07e407f5 0720f0a2 1bb30be4 0bf50b66 1f771f88 1f991f1a 9469f760 95709580
S Bi:1:006:2 -115 32 <
C Bi:1:006:2 0 32 = 9590959b 01ac01bd 01cf0108 95ee0fff 1f0590f4 91e02d09 94f894ff cf010000
S Bi:1:006:2 -115 32 <
C Bi:1:006:2 0 2 = 0010
S Bi:1:006:2 -115 32 <
S Bo:1:006:2 -115 4 = 55c00420
C Bo:1:006:2 0 4 >
C Bi:1:006:2 0 2 = 1410
S Bi:1:006:2 -115 32 <
S Bo:1:006:2 -115 5 = 74008046 20
C Bo:1:006:2 0 5 >
C Bi:1:006:2 0 32 = 140000cb 012b0158 01180289 0167017b 01610062 006300ff ffffffff ffffffff
S Bi:1:006:2 -115 32 <
C Bi:1:006:2 0 32 = ffffffff ffffffff ffffffff ffffffff ffffffff ffffffff ffffffff ffffffff
S Bi:1:006:2 -115 32 <
C Bi:1:006:2 0 32 = ffffffff ffffffff ffffffff ffffffff ffffffff ffffffff ffffffff ffffffff
S Bi:1:006:2 -115 32 <
C Bi:1:006:2 0 32 = ffffffff ffffffff ffffffff ffffffff ffffffff ffffffff ffffffff ffffffff
S Bi:1:006:2 -115 32 <
C Bi:1:006:2 0 2 = ff10
S Bi:1:006:2 -115 32 <
S Bo:1:006:2 -115 2 = 5120
C Bo:1:006:2 0 2 >
C Bi:1:006:2 0 2 = 1410
S Bi:1:006:2 -115 32 <
S Co:1:006:0 s 40 a4 ffff 0000 0000 0
C Co:1:006:0 0 0
S Co:1:006:0 s 40 9a 1312 b282 0000 0
C Co:1:006:0 0 0
S Co:1:006:0 s 40 9a 2518 00c3 0000 0
C Co:1:006:0 0 0
S Co:1:006:0 s 40 a4 ffff 0000 0000 0
C Co:1:006:0 0 0
S Co:1:006:0 s 40 a4 ffff 0000 0000 0
C Co:1:006:0 0 0
C Bi:1:006:2 -2 0
S Co:1:002:0 s 23 08 9062 0001 0000 0
C Bi:1:006:2 -2 0
C Co:1:002:0 0 0
C Ii:1:006:1 -2:1 0