S Co:1:006:0 s 40 9a 1312 b282 0000 0
C Co:1:006:0 0 0
S Co:1:006:0 s 40 9a 2518 00c3 0000 0
C Co:1:006:0 0 0
S Co:1:006:0 s 40 a4 ffff 0000 0000 0
C Co:1:006:0 0 0
S Ii:1:006:1 -115:1 8 <
S Ci:1:006:0 s c0 95 0706 0000 0002 2 <
C Ci:1:006:0 0 2 = ffee
S Bi:1:006:2 -115 32 <
S Bi:1:006:2 -115 32 <
S Co:1:006:0 s 40 a4 ff9f 0000 0000 0
C Bi:1:006:2 0 2 = 3161
S Bi:1:006:2 -115 32 <
C Co:1:006:0 0 0
S Bo:1:006:2 -115 1 = 31
S Bo:1:006:2 -115 1 = 61
S Co:1:006:0 s 40 9a 1312 cc83 0000 0
C Bo:1:006:2 0 1 >
C Bo:1:006:2 0 1 >
C Bi:1:006:2 0 32 = 30613063 31613061 31633161 30613263 31613061 33633161 30613463 31613061
S Bi:1:006:2 -115 32 <
C Co:1:006:0 0 0
S Co:1:006:0 s 40 9a 2518 00c3 0000 0
C Co:1:006:0 0 0
S Co:1:006:0 s 40 a4 ff9f 0000 0000 0
C Ii:1:006:1 0:1 4 = 463fffee
S Ii:1:006:1 -115:1 8 <
C Co:1:006:0 0 0
S Co:1:006:0 s 40 a4 ffff 0000 0000 0
C Co:1:006:0 0 0
C Ii:1:006:1 0:1 4 = 023f9fee
S Ii:1:006:1 -115:1 8 <
S Co:1:006:0 s 40 a4 ff9f 0000 0000 0
C Co:1:006:0 0 0
S Bo:1:006:2 -115 2 = 3020
C Bo:1:006:2 0 2 >
C Bi:1:006:2 0 2 = 1410
S Bi:1:006:2 -115 32 <
S Bo:1:006:2 -115 2 = 3020
C Bo:1:006:2 0 2 >
C Bi:1:006:2 0 2 = 1410
S Bi:1:006:2 -115 32 <
S Bo:1:006:2 -115 2 = 3020
C Bo:1:006:2 0 2 >
C Bi:1:006:2 0 2 = 1410
S Bi:1:006:2 -115 32 <
S Bo:1:006:2 -115 3 = 418120
C Bo:1:006:2 0 3 >
C Bi:1:006:2 0 3 = 140410
S Bi:1:006:2 -115 32 <
S Bo:1:006:2 -115 3 = 418220
C Bo:1:006:2 0 3 >
C Bi:1:006:2 0 3 = 140410
S Bi:1:006:2 -115 32 <
S Bo:1:006:2 -115 22 = 42860000 01010101 03ffffff ff008004 00000080 0020
C Bo:1:006:2 0 22 >
C Bi:1:006:2 0 2 = 1410
S Bi:1:006:2 -115 32 <
S Bo:1:006:2 -115 7 = 450504d7 c20020
C Bo:1:006:2 0 7 >
C Bi:1:006:2 0 2 = 1410
S Bi:1:006:2 -115 32 <
S Bo:1:006:2 -115 2 = 5020
C Bo:1:006:2 0 2 >
C Bi:1:006:2 0 2 = 1410
S Bi:1:006:2 -115 32 <
S Bo:1:006:2 -115 2 = 7520
C Bo:1:006:2 0 2 >
C Bi:1:006:2 0 5 = 141e950f 10
S Bi:1:006:2 -115 32 <
S Bo:1:006:2 -115 4 = 55000020
C Bo:1:006:2 0 4 >
C Bi:1:006:2 0 2 = 1410
S Bi:1:006:2 -115 32 <
S Bo:1:006:2 -115 32 = 64008046 0c943400 0c944600 0c944600 0c944600 0c944600 0c944600 0c944600
S Bo:1:006:2 -115 32 = 0c944600 0c944600 0c944600 0c944600 0c944600 0c944600 0c944600 0c944600
C Bo:1:006:2 0 32 >
S Bo:1:006:2 -115 32 = 0c944600 0c944800 0c944600 0c944600 0c944600 0c944600 0c944600 0c944600
C Bo:1:006:2 0 32 >
S Bo:1:006:2 -115 32 = 0c944600 0c944600 0c944600 11241fbe cfefd8e0 debfcdbf 21e0a0e0 b1e001c0
C Bo:1:006:2 0 32 >
S Bo:1:006:2 -115 5 = 1d92a930 20
C Bo:1:006:2 0 32 >
C Bo:1:006:2 0 5 >
C Bi:1:006:2 0 1 = 14
S Bi:1:006:2 -115 32 <
C Bi:1:006:2 0 1 = 10
S Bi:1:006:2 -115 32 <
S Bo:1:006:2 -115 4 = 55400020
C Bo:1:006:2 0 4 >
C Bi:1:006:2 0 2 = 1410
S Bi:1:006:2 -115 32 <
S Bo:1:006:2 -115 32 = 64008046 b207e1f7 0e949200 0c94dc00 0c940000 1f920f92 0fb60f92 11242f93
S Bo:1:006:2 -115 32 = 3f938f93 9f93af93 bf938091 05019091 0601a091 0701b091 08013091 040123e0
C Bo:1:006:2 0 32 >
S Bo:1:006:2 -115 32 = 230f2d37 58f50196 a11db11d 20930401 80930501 90930601 a0930701 b0930801
C Bo:1:006:2 0 32 >
S Bo:1:006:2 -115 32 = 80910001 90910101 a0910201 b0910301 0196a11d b11d8093 00019093 0101a093
C Bo:1:006:2 0 32 >
S Bo:1:006:2 -115 5 = 0201b093 20
C Bo:1:006:2 0 32 >
C Bo:1:006:2 0 5 >
C Bi:1:006:2 0 1 = 14
S Bi:1:006:2 -115 32 <
C Bi:1:006:2 0 1 = 10
S Bi:1:006:2 -115 32 <
S Bo:1:006:2 -115 4 = 55800020
C Bo:1:006:2 0 4 >
C Bi:1:006:2 0 2 = 1410
S Bi:1:006:2 -115 32 <
S Bo:1:006:2 -115 32 = 64008046 0301bf91 af919f91 8f913f91 2f910f90 0fbe0f90 1f901895 26e8230f
S Bo:1:006:2 -115 32 = 0296a11d b11dd2cf 789484b5 826084bd 84b58160 84bd85b5 826085bd 85b58160
C Bo:1:006:2 0 32 >
S Bo:1:006:2 -115 32 = 85bd8091 6e008160 80936e00 10928100 80918100 82608093 81008091 81008160
C Bo:1:006:2 0 32 >
S Bo:1:006:2 -115 32 = 80938100 80918000 81608093 80008091 b1008460 8093b100 8091b000 81608093
C Bo:1:006:2 0 32 >
S Bo:1:006:2 -115 5 = b0008091 20
C Bo:1:006:2 0 32 >
C Bo:1:006:2 0 5 >
C Bi:1:006:2 0 1 = 14
S Bi:1:006:2 -115 32 <
C Bi:1:006:2 0 1 = 10
S Bi:1:006:2 -115 32 <
S Bo:1:006:2 -115 4 = 55c00020
C Bo:1:006:2 0 4 >
C Bi:1:006:2 0 2 = 1410
S Bi:1:006:2 -115 32 <
S Bo:1:006:2 -115 32 = 64008046 7a008460 80937a00 80917a00 82608093 7a008091 7a008160 80937a00
S Bo:1:006:2 -115 32 = 80917a00 80688093 7a001092 c100c0e0 d0e02097 f1f30e94 0000fbcf f894ffcf
C Bo:1:006:2 0 32 >
S Bo:1:006:2 -115 32 = ffffffff ffffffff ffffffff ffffffff ffffffff ffffffff ffffffff ffffffff
C Bo:1:006:2 0 32 >
S Bo:1:006:2 -115 32 = ffffffff ffffffff ffffffff ffffffff ffffffff ffffffff ffffffff ffffffff
C Bo:1:006:2 0 32 >
S Bo:1:006:2 -115 5 = ffffffff 20
C Bo:1:006:2 0 32 >
C Bo:1:006:2 0 5 >
C Bi:1:006:2 0 1 = 14
S Bi:1:006:2 -115 32 <
C Bi:1:006:2 0 1 = 10
S Bi:1:006:2 -115 32 <
S Bo:1:006:2 -115 4 = 55000020
C Bo:1:006:2 0 4 >
C Bi:1:006:2 0 2 = 1410
S Bi:1:006:2 -115 32 <
S Bo:1:006:2 -115 5 = 74008046 20
C Bo:1:006:2 0 5 >
C Bi:1:006:2 0 32 = 140c9434 000c9446 000c9446 000c9446 000c9446 000c9446 000c9446 000c9446
S Bi:1:006:2 -115 32 <
C Bi:1:006:2 0 32 = 000c9446 000c9446 000c9446 000c9446 000c9446 000c9446 000c9446 000c9446
S Bi:1:006:2 -115 32 <
C Bi:1:006:2 0 32 = 000c9448 000c9446 000c9446 000c9446 000c9446 000c9446 000c9446 000c9446
S Bi:1:006:2 -115 32 <
C Bi:1:006:2 0 32 = 000c9446 000c9446 0011241f becfefd8 e0debfcd bf21e0a0 e0b1e001 c01d92a9
S Bi:1:006:2 -115 32 <
C Bi:1:006:2 0 2 = 3010
S Bi:1:006:2 -115 32 <
S Bo:1:006:2 -115 4 = 55400020
C Bo:1:006:2 0 4 >
C Bi:1:006:2 0 2 = 1410
S Bi:1:006:2 -115 32 <
S Bo:1:006:2 -115 5 = 74008046 20
C Bo:1:006:2 0 5 >
C Bi:1:006:2 0 32 = 14b207e1 f70e9492 000c94dc 000c9400 001f920f 920fb60f 9211242f 933f938f
S Bi:1:006:2 -115 32 <
C Bi:1:006:2 0 32 = 939f93af 93bf9380 91050190 910601a0 910701b0 91080130 91040123 e0230f2d
S Bi:1:006:2 -115 32 <
C Bi:1:006:2 0 32 = 3758f501 96a11db1 1d209304 01809305 01909306 01a09307 01b09308 01809100
S Bi:1:006:2 -115 32 <
C Bi:1:006:2 0 32 = 01909101 01a09102 01b09103 010196a1 1db11d80 93000190 930101a0 930201b0
S Bi:1:006:2 -115 32 <
C Bi:1:006:2 0 2 = 9310
S Bi:1:006:2 -115 32 <
S Bo:1:006:2 -115 4 = 55800020
C Bo:1:006:2 0 4 >
C Bi:1:006:2 0 2 = 1410
S Bi:1:006:2 -115 32 <
S Bo:1:006:2 -115 5 = 74008046 20
C Bo:1:006:2 0 5 >
C Bi:1:006:2 0 32 = 140301bf 91af919f 918f913f 912f910f 900fbe0f 901f9018 9526e823 0f0296a1
S Bi:1:006:2 -115 32 <
C Bi:1:006:2 0 32 = 1db11dd2 cf789484 b5826084 bd84b581 6084bd85 b5826085 bd85b581 6085bd80
S Bi:1:006:2 -115 32 <
C Bi:1:006:2 0 32 = 916e0081 6080936e 00109281 00809181 00826080 93810080 91810081 60809381
S Bi:1:006:2 -115 32 <
C Bi:1:006:2 0 32 = 00809180 00816080 93800080 91b10084 608093b1 008091b0 00816080 93b00080
S Bi:1:006:2 -115 32 <
C Bi:1:006:2 0 2 = 9110
S Bi:1:006:2 -115 32 <
S Bo:1:006:2 -115 4 = 55c00020
C Bo:1:006:2 0 4 >
C Bi:1:006:2 0 2 = 1410
S Bi:1:006:2 -115 32 <
S Bo:1:006:2 -115 5 = 74008046 20
C Bo:1:006:2 0 5 >
C Bi:1:006:2 0 32 = 147a0084 6080937a 0080917a 00826080 937a0080 917a0081 6080937a 0080917a
S Bi:1:006:2 -115 32 <
C Bi:1:006:2 0 32 = 00806880 937a0010 92c100c0 e0d0e020 97f1f30e 940000fb cff894ff cfffffff
S Bi:1:006:2 -115 32 <
C Bi:1:006:2 0 32 = ffffffff ffffffff ffffffff ffffffff ffffffff ffffffff ffffffff ffffffff
S Bi:1:006:2 -115 32 <
C Bi:1:006:2 0 32 = ffffffff ffffffff ffffffff ffffffff ffffffff ffffffff ffffffff ffffffff
S Bi:1:006:2 -115 32 <
C Bi:1:006:2 0 2 = ff10
S Bi:1:006:2 -115 32 <
S Bo:1:006:2 -115 2 = 5120
C Bo:1:006:2 0 2 >
C Bi:1:006:2 0 2 = 1410
S Bi:1:006:2 -115 32 <
S Co:1:006:0 s 40 a4 ffff 0000 0000 0
C Co:1:006:0 0 0
S Co:1:006:0 s 40 9a 1312 b282 0000 0
C Co:1:006:0 0 0
S Co:1:006:0 s 40 9a 2518 00c3 0000 0
C Co:1:006:0 0 0
S Co:1:006:0 s 40 a4 ffff 0000 0000 0
C Co:1:006:0 0 0
S Co:1:006:0 s 40 a4 ffff 0000 0000 0
C Co:1:006:0 0 0
C Bi:1:006:2 -2 0
S Co:1:002:0 s 23 08 9062 0001 0000 0
C Bi:1:006:2 -2 0
C Co:1:002:0 0 0
C Ii:1:006:1 -2:1 0